Archive member included to satisfy reference by file (symbol)

/usr/lib/gcc/avr/10.2.0/avr5/libgcc.a(_udivmodsi4.o)
                              /tmp/ccLkf27I.o (__udivmodsi4)
/usr/lib/gcc/avr/10.2.0/avr5/libgcc.a(_exit.o)
                              /usr/lib/gcc/avr/10.2.0/../../../../avr/lib/avr5/crtatmega328p.o (exit)
/usr/lib/gcc/avr/10.2.0/avr5/libgcc.a(_copy_data.o)
                              /tmp/ccxB8hOI.o (__do_copy_data)
/usr/lib/gcc/avr/10.2.0/avr5/libgcc.a(_clear_bss.o)
                              /tmp/ccxB8hOI.o (__do_clear_bss)
/usr/lib/gcc/avr/10.2.0/avr5/libgcc.a(_divdi3.o)
                              /tmp/ccLkf27I.o (__divdi3)
/usr/lib/gcc/avr/10.2.0/avr5/libgcc.a(_udivdi3.o)
                              /usr/lib/gcc/avr/10.2.0/avr5/libgcc.a(_divdi3.o) (__udivdi3_umoddi3)
/usr/lib/gcc/avr/10.2.0/avr5/libgcc.a(_udivmod64.o)
                              /usr/lib/gcc/avr/10.2.0/avr5/libgcc.a(_divdi3.o) (__udivmod64)
/usr/lib/gcc/avr/10.2.0/avr5/libgcc.a(_negdi2.o)
                              /usr/lib/gcc/avr/10.2.0/avr5/libgcc.a(_divdi3.o) (__negdi2)
/usr/lib/gcc/avr/10.2.0/avr5/libgcc.a(_prologue.o)
                              /usr/lib/gcc/avr/10.2.0/avr5/libgcc.a(_divdi3.o) (__prologue_saves__)
/usr/lib/gcc/avr/10.2.0/avr5/libgcc.a(_epilogue.o)
                              /usr/lib/gcc/avr/10.2.0/avr5/libgcc.a(_divdi3.o) (__epilogue_restores__)
/usr/lib/gcc/avr/10.2.0/../../../../avr/lib/avr5/libc.a(fputs.o)
                              /tmp/ccLkf27I.o (fputs)
/usr/lib/gcc/avr/10.2.0/../../../../avr/lib/avr5/libc.a(iob.o)
                              /tmp/ccLkf27I.o (__iob)

Memory Configuration

Name             Origin             Length             Attributes
text             0x0000000000000000 0x0000000000020000 xr
data             0x0000000000800060 0x000000000000ffa0 rw !x
eeprom           0x0000000000810000 0x0000000000010000 rw !x
fuse             0x0000000000820000 0x0000000000000400 rw !x
lock             0x0000000000830000 0x0000000000000400 rw !x
signature        0x0000000000840000 0x0000000000000400 rw !x
user_signatures  0x0000000000850000 0x0000000000000400 rw !x
*default*        0x0000000000000000 0xffffffffffffffff

Linker script and memory map

Address of section .data set to 0x800100
LOAD /usr/lib/gcc/avr/10.2.0/../../../../avr/lib/avr5/crtatmega328p.o
LOAD /tmp/ccxB8hOI.o
LOAD /tmp/ccJrlNsH.o
LOAD /tmp/ccLkf27I.o
LOAD /tmp/ccOjZQeI.o
LOAD /tmp/cc33givH.o
LOAD /tmp/cca2319K.o
START GROUP
LOAD /usr/lib/gcc/avr/10.2.0/avr5/libgcc.a
LOAD /usr/lib/gcc/avr/10.2.0/../../../../avr/lib/avr5/libm.a
LOAD /usr/lib/gcc/avr/10.2.0/../../../../avr/lib/avr5/libc.a
LOAD /usr/lib/gcc/avr/10.2.0/../../../../avr/lib/avr5/libatmega328p.a
END GROUP
                0x0000000000020000                __TEXT_REGION_LENGTH__ = DEFINED (__TEXT_REGION_LENGTH__)?__TEXT_REGION_LENGTH__:0x20000
                0x000000000000ffa0                __DATA_REGION_LENGTH__ = DEFINED (__DATA_REGION_LENGTH__)?__DATA_REGION_LENGTH__:0xffa0
                0x0000000000010000                __EEPROM_REGION_LENGTH__ = DEFINED (__EEPROM_REGION_LENGTH__)?__EEPROM_REGION_LENGTH__:0x10000
                0x0000000000000400                __FUSE_REGION_LENGTH__ = DEFINED (__FUSE_REGION_LENGTH__)?__FUSE_REGION_LENGTH__:0x400
                0x0000000000000400                __LOCK_REGION_LENGTH__ = DEFINED (__LOCK_REGION_LENGTH__)?__LOCK_REGION_LENGTH__:0x400
                0x0000000000000400                __SIGNATURE_REGION_LENGTH__ = DEFINED (__SIGNATURE_REGION_LENGTH__)?__SIGNATURE_REGION_LENGTH__:0x400
                0x0000000000000400                __USER_SIGNATURE_REGION_LENGTH__ = DEFINED (__USER_SIGNATURE_REGION_LENGTH__)?__USER_SIGNATURE_REGION_LENGTH__:0x400

.hash
 *(.hash)

.dynsym
 *(.dynsym)

.dynstr
 *(.dynstr)

.gnu.version
 *(.gnu.version)

.gnu.version_d
 *(.gnu.version_d)

.gnu.version_r
 *(.gnu.version_r)

.rel.init
 *(.rel.init)

.rela.init
 *(.rela.init)

.rel.text
 *(.rel.text)
 *(.rel.text.*)
 *(.rel.gnu.linkonce.t*)

.rela.text
 *(.rela.text)
 *(.rela.text.*)
 *(.rela.gnu.linkonce.t*)

.rel.fini
 *(.rel.fini)

.rela.fini
 *(.rela.fini)

.rel.rodata
 *(.rel.rodata)
 *(.rel.rodata.*)
 *(.rel.gnu.linkonce.r*)

.rela.rodata
 *(.rela.rodata)
 *(.rela.rodata.*)
 *(.rela.gnu.linkonce.r*)

.rel.data
 *(.rel.data)
 *(.rel.data.*)
 *(.rel.gnu.linkonce.d*)

.rela.data
 *(.rela.data)
 *(.rela.data.*)
 *(.rela.gnu.linkonce.d*)

.rel.ctors
 *(.rel.ctors)

.rela.ctors
 *(.rela.ctors)

.rel.dtors
 *(.rel.dtors)

.rela.dtors
 *(.rela.dtors)

.rel.got
 *(.rel.got)

.rela.got
 *(.rela.got)

.rel.bss
 *(.rel.bss)

.rela.bss
 *(.rela.bss)

.rel.plt
 *(.rel.plt)

.rela.plt
 *(.rela.plt)

.text           0x0000000000000000     0x14f0
 *(.vectors)
 .vectors       0x0000000000000000       0x68 /usr/lib/gcc/avr/10.2.0/../../../../avr/lib/avr5/crtatmega328p.o
                0x0000000000000000                __vectors
                0x0000000000000000                __vector_default
 *(.vectors)
 *(.progmem.gcc*)
                0x0000000000000068                . = ALIGN (0x2)
                0x0000000000000068                __trampolines_start = .
 *(.trampolines)
 .trampolines   0x0000000000000068        0x0 linker stubs
 *(.trampolines*)
                0x0000000000000068                __trampolines_end = .
 *libprintf_flt.a:*(.progmem.data)
 *libc.a:*(.progmem.data)
 *(.progmem.*)
                0x0000000000000068                . = ALIGN (0x2)
 *(.lowtext)
 *(.lowtext*)
                0x0000000000000068                __ctors_start = .
 *(.ctors)
                0x0000000000000068                __ctors_end = .
                0x0000000000000068                __dtors_start = .
 *(.dtors)
                0x0000000000000068                __dtors_end = .
 SORT_BY_NAME(*)(.ctors)
 SORT_BY_NAME(*)(.dtors)
 *(.init0)
 .init0         0x0000000000000068        0x0 /usr/lib/gcc/avr/10.2.0/../../../../avr/lib/avr5/crtatmega328p.o
                0x0000000000000068                __init
 *(.init0)
 *(.init1)
 *(.init1)
 *(.init2)
 .init2         0x0000000000000068        0xc /usr/lib/gcc/avr/10.2.0/../../../../avr/lib/avr5/crtatmega328p.o
 *(.init2)
 *(.init3)
 *(.init3)
 *(.init4)
 .init4         0x0000000000000074       0x16 /usr/lib/gcc/avr/10.2.0/avr5/libgcc.a(_copy_data.o)
                0x0000000000000074                __do_copy_data
 .init4         0x000000000000008a       0x10 /usr/lib/gcc/avr/10.2.0/avr5/libgcc.a(_clear_bss.o)
                0x000000000000008a                __do_clear_bss
 *(.init4)
 *(.init5)
 *(.init5)
 *(.init6)
 *(.init6)
 *(.init7)
 *(.init7)
 *(.init8)
 *(.init8)
 *(.init9)
 .init9         0x000000000000009a        0x8 /usr/lib/gcc/avr/10.2.0/../../../../avr/lib/avr5/crtatmega328p.o
 *(.init9)
 *(.text)
 .text          0x00000000000000a2        0x4 /usr/lib/gcc/avr/10.2.0/../../../../avr/lib/avr5/crtatmega328p.o
                0x00000000000000a2                __vector_22
                0x00000000000000a2                __vector_1
                0x00000000000000a2                __vector_24
                0x00000000000000a2                __vector_12
                0x00000000000000a2                __bad_interrupt
                0x00000000000000a2                __vector_6
                0x00000000000000a2                __vector_3
                0x00000000000000a2                __vector_23
                0x00000000000000a2                __vector_25
                0x00000000000000a2                __vector_11
                0x00000000000000a2                __vector_13
                0x00000000000000a2                __vector_17
                0x00000000000000a2                __vector_19
                0x00000000000000a2                __vector_5
                0x00000000000000a2                __vector_4
                0x00000000000000a2                __vector_9
                0x00000000000000a2                __vector_2
                0x00000000000000a2                __vector_21
                0x00000000000000a2                __vector_15
                0x00000000000000a2                __vector_8
                0x00000000000000a2                __vector_10
                0x00000000000000a2                __vector_16
                0x00000000000000a2                __vector_18
                0x00000000000000a2                __vector_20
 .text          0x00000000000000a6        0x0 /tmp/ccxB8hOI.o
 .text          0x00000000000000a6       0x1a /tmp/ccJrlNsH.o
                0x00000000000000a6                _delay_us_runtime
 .text          0x00000000000000c0      0xe7a /tmp/ccLkf27I.o
                0x00000000000000c0                stepper_enable_auto
                0x00000000000001b2                stepper_auto_set_target
                0x00000000000001f4                stepper_is_at_dest
                0x0000000000000248                stepper_enable
                0x0000000000000256                stepper_disable
                0x0000000000000264                stepper_init
                0x00000000000002b2                stepper_set_dir
                0x00000000000002de                __vector_14
                0x00000000000007e4                __vector_7
                0x0000000000000cec                stepper_move_to
 .text          0x0000000000000f3a       0xa6 /tmp/ccOjZQeI.o
                0x0000000000000f3a                joystick_init
                0x0000000000000f72                joystick_read
 .text          0x0000000000000fe0       0xb2 /tmp/cc33givH.o
                0x0000000000000fe0                uart_write_stream_char
                0x0000000000000ffe                uart_read_stream_char
                0x0000000000001016                uart_init
                0x0000000000001050                uart_write_char
                0x000000000000106e                uart_write_string
                0x0000000000001086                uart_read_char
 .text          0x0000000000001092       0xc2 /tmp/cca2319K.o
                0x0000000000001092                io_mode
                0x00000000000010c4                io_analog_init
                0x00000000000010cc                io_analog_read
                0x00000000000010ee                io_read
                0x0000000000001110                io_high
                0x0000000000001126                io_low
                0x000000000000113e                io_toggle
 .text          0x0000000000001154        0x0 /usr/lib/gcc/avr/10.2.0/avr5/libgcc.a(_udivmodsi4.o)
 .text          0x0000000000001154        0x0 /usr/lib/gcc/avr/10.2.0/avr5/libgcc.a(_exit.o)
 .text          0x0000000000001154        0x0 /usr/lib/gcc/avr/10.2.0/avr5/libgcc.a(_copy_data.o)
 .text          0x0000000000001154        0x0 /usr/lib/gcc/avr/10.2.0/avr5/libgcc.a(_clear_bss.o)
 .text          0x0000000000001154        0x0 /usr/lib/gcc/avr/10.2.0/avr5/libgcc.a(_divdi3.o)
 .text          0x0000000000001154        0x0 /usr/lib/gcc/avr/10.2.0/avr5/libgcc.a(_udivdi3.o)
 .text          0x0000000000001154        0x0 /usr/lib/gcc/avr/10.2.0/avr5/libgcc.a(_udivmod64.o)
 .text          0x0000000000001154        0x0 /usr/lib/gcc/avr/10.2.0/avr5/libgcc.a(_negdi2.o)
 .text          0x0000000000001154        0x0 /usr/lib/gcc/avr/10.2.0/avr5/libgcc.a(_prologue.o)
 .text          0x0000000000001154        0x0 /usr/lib/gcc/avr/10.2.0/avr5/libgcc.a(_epilogue.o)
 .text          0x0000000000001154        0x0 /usr/lib/gcc/avr/10.2.0/../../../../avr/lib/avr5/libc.a(fputs.o)
 .text          0x0000000000001154        0x0 /usr/lib/gcc/avr/10.2.0/../../../../avr/lib/avr5/libc.a(iob.o)
                0x0000000000001154                . = ALIGN (0x2)
 *(.text.*)
 .text.startup  0x0000000000001154      0x152 /tmp/ccxB8hOI.o
                0x0000000000001154                main
 .text.libgcc.mul
                0x00000000000012a6        0x0 /usr/lib/gcc/avr/10.2.0/avr5/libgcc.a(_udivmodsi4.o)
 .text.libgcc.div
                0x00000000000012a6       0x44 /usr/lib/gcc/avr/10.2.0/avr5/libgcc.a(_udivmodsi4.o)
                0x00000000000012a6                __udivmodsi4
 .text.libgcc   0x00000000000012ea        0x0 /usr/lib/gcc/avr/10.2.0/avr5/libgcc.a(_udivmodsi4.o)
 .text.libgcc.prologue
                0x00000000000012ea        0x0 /usr/lib/gcc/avr/10.2.0/avr5/libgcc.a(_udivmodsi4.o)
 .text.libgcc.builtins
                0x00000000000012ea        0x0 /usr/lib/gcc/avr/10.2.0/avr5/libgcc.a(_udivmodsi4.o)
 .text.libgcc.fmul
                0x00000000000012ea        0x0 /usr/lib/gcc/avr/10.2.0/avr5/libgcc.a(_udivmodsi4.o)
 .text.libgcc.fixed
                0x00000000000012ea        0x0 /usr/lib/gcc/avr/10.2.0/avr5/libgcc.a(_udivmodsi4.o)
 .text.libgcc.mul
                0x00000000000012ea        0x0 /usr/lib/gcc/avr/10.2.0/avr5/libgcc.a(_exit.o)
 .text.libgcc.div
                0x00000000000012ea        0x0 /usr/lib/gcc/avr/10.2.0/avr5/libgcc.a(_exit.o)
 .text.libgcc   0x00000000000012ea        0x0 /usr/lib/gcc/avr/10.2.0/avr5/libgcc.a(_exit.o)
 .text.libgcc.prologue
                0x00000000000012ea        0x0 /usr/lib/gcc/avr/10.2.0/avr5/libgcc.a(_exit.o)
 .text.libgcc.builtins
                0x00000000000012ea        0x0 /usr/lib/gcc/avr/10.2.0/avr5/libgcc.a(_exit.o)
 .text.libgcc.fmul
                0x00000000000012ea        0x0 /usr/lib/gcc/avr/10.2.0/avr5/libgcc.a(_exit.o)
 .text.libgcc.fixed
                0x00000000000012ea        0x0 /usr/lib/gcc/avr/10.2.0/avr5/libgcc.a(_exit.o)
 .text.libgcc.mul
                0x00000000000012ea        0x0 /usr/lib/gcc/avr/10.2.0/avr5/libgcc.a(_copy_data.o)
 .text.libgcc.div
                0x00000000000012ea        0x0 /usr/lib/gcc/avr/10.2.0/avr5/libgcc.a(_copy_data.o)
 .text.libgcc   0x00000000000012ea        0x0 /usr/lib/gcc/avr/10.2.0/avr5/libgcc.a(_copy_data.o)
 .text.libgcc.prologue
                0x00000000000012ea        0x0 /usr/lib/gcc/avr/10.2.0/avr5/libgcc.a(_copy_data.o)
 .text.libgcc.builtins
                0x00000000000012ea        0x0 /usr/lib/gcc/avr/10.2.0/avr5/libgcc.a(_copy_data.o)
 .text.libgcc.fmul
                0x00000000000012ea        0x0 /usr/lib/gcc/avr/10.2.0/avr5/libgcc.a(_copy_data.o)
 .text.libgcc.fixed
                0x00000000000012ea        0x0 /usr/lib/gcc/avr/10.2.0/avr5/libgcc.a(_copy_data.o)
 .text.libgcc.mul
                0x00000000000012ea        0x0 /usr/lib/gcc/avr/10.2.0/avr5/libgcc.a(_clear_bss.o)
 .text.libgcc.div
                0x00000000000012ea        0x0 /usr/lib/gcc/avr/10.2.0/avr5/libgcc.a(_clear_bss.o)
 .text.libgcc   0x00000000000012ea        0x0 /usr/lib/gcc/avr/10.2.0/avr5/libgcc.a(_clear_bss.o)
 .text.libgcc.prologue
                0x00000000000012ea        0x0 /usr/lib/gcc/avr/10.2.0/avr5/libgcc.a(_clear_bss.o)
 .text.libgcc.builtins
                0x00000000000012ea        0x0 /usr/lib/gcc/avr/10.2.0/avr5/libgcc.a(_clear_bss.o)
 .text.libgcc.fmul
                0x00000000000012ea        0x0 /usr/lib/gcc/avr/10.2.0/avr5/libgcc.a(_clear_bss.o)
 .text.libgcc.fixed
                0x00000000000012ea        0x0 /usr/lib/gcc/avr/10.2.0/avr5/libgcc.a(_clear_bss.o)
 .text.libgcc.mul
                0x00000000000012ea        0x0 /usr/lib/gcc/avr/10.2.0/avr5/libgcc.a(_divdi3.o)
 .text.libgcc.div
                0x00000000000012ea       0x62 /usr/lib/gcc/avr/10.2.0/avr5/libgcc.a(_divdi3.o)
                0x00000000000012ea                __moddi3
                0x00000000000012ee                __divdi3
                0x00000000000012f0                __divdi3_moddi3
 .text.libgcc   0x000000000000134c        0x0 /usr/lib/gcc/avr/10.2.0/avr5/libgcc.a(_divdi3.o)
 .text.libgcc.prologue
                0x000000000000134c        0x0 /usr/lib/gcc/avr/10.2.0/avr5/libgcc.a(_divdi3.o)
 .text.libgcc.builtins
                0x000000000000134c        0x0 /usr/lib/gcc/avr/10.2.0/avr5/libgcc.a(_divdi3.o)
 .text.libgcc.fmul
                0x000000000000134c        0x0 /usr/lib/gcc/avr/10.2.0/avr5/libgcc.a(_divdi3.o)
 .text.libgcc.fixed
                0x000000000000134c        0x0 /usr/lib/gcc/avr/10.2.0/avr5/libgcc.a(_divdi3.o)
 .text.libgcc.mul
                0x000000000000134c        0x0 /usr/lib/gcc/avr/10.2.0/avr5/libgcc.a(_udivdi3.o)
 .text.libgcc.div
                0x000000000000134c       0x1c /usr/lib/gcc/avr/10.2.0/avr5/libgcc.a(_udivdi3.o)
                0x000000000000134c                __umoddi3
                0x0000000000001350                __udivdi3
                0x0000000000001352                __udivdi3_umoddi3
 .text.libgcc   0x0000000000001368        0x0 /usr/lib/gcc/avr/10.2.0/avr5/libgcc.a(_udivdi3.o)
 .text.libgcc.prologue
                0x0000000000001368        0x0 /usr/lib/gcc/avr/10.2.0/avr5/libgcc.a(_udivdi3.o)
 .text.libgcc.builtins
                0x0000000000001368        0x0 /usr/lib/gcc/avr/10.2.0/avr5/libgcc.a(_udivdi3.o)
 .text.libgcc.fmul
                0x0000000000001368        0x0 /usr/lib/gcc/avr/10.2.0/avr5/libgcc.a(_udivdi3.o)
 .text.libgcc.fixed
                0x0000000000001368        0x0 /usr/lib/gcc/avr/10.2.0/avr5/libgcc.a(_udivdi3.o)
 .text.libgcc.mul
                0x0000000000001368        0x0 /usr/lib/gcc/avr/10.2.0/avr5/libgcc.a(_udivmod64.o)
 .text.libgcc.div
                0x0000000000001368       0xa2 /usr/lib/gcc/avr/10.2.0/avr5/libgcc.a(_udivmod64.o)
                0x0000000000001368                __udivmod64
 .text.libgcc   0x000000000000140a        0x0 /usr/lib/gcc/avr/10.2.0/avr5/libgcc.a(_udivmod64.o)
 .text.libgcc.prologue
                0x000000000000140a        0x0 /usr/lib/gcc/avr/10.2.0/avr5/libgcc.a(_udivmod64.o)
 .text.libgcc.builtins
                0x000000000000140a        0x0 /usr/lib/gcc/avr/10.2.0/avr5/libgcc.a(_udivmod64.o)
 .text.libgcc.fmul
                0x000000000000140a        0x0 /usr/lib/gcc/avr/10.2.0/avr5/libgcc.a(_udivmod64.o)
 .text.libgcc.fixed
                0x000000000000140a        0x0 /usr/lib/gcc/avr/10.2.0/avr5/libgcc.a(_udivmod64.o)
 .text.libgcc.mul
                0x000000000000140a        0x0 /usr/lib/gcc/avr/10.2.0/avr5/libgcc.a(_negdi2.o)
 .text.libgcc.div
                0x000000000000140a        0x0 /usr/lib/gcc/avr/10.2.0/avr5/libgcc.a(_negdi2.o)
 .text.libgcc   0x000000000000140a       0x20 /usr/lib/gcc/avr/10.2.0/avr5/libgcc.a(_negdi2.o)
                0x000000000000140a                __negdi2
 .text.libgcc.prologue
                0x000000000000142a        0x0 /usr/lib/gcc/avr/10.2.0/avr5/libgcc.a(_negdi2.o)
 .text.libgcc.builtins
                0x000000000000142a        0x0 /usr/lib/gcc/avr/10.2.0/avr5/libgcc.a(_negdi2.o)
 .text.libgcc.fmul
                0x000000000000142a        0x0 /usr/lib/gcc/avr/10.2.0/avr5/libgcc.a(_negdi2.o)
 .text.libgcc.fixed
                0x000000000000142a        0x0 /usr/lib/gcc/avr/10.2.0/avr5/libgcc.a(_negdi2.o)
 .text.libgcc.mul
                0x000000000000142a        0x0 /usr/lib/gcc/avr/10.2.0/avr5/libgcc.a(_prologue.o)
 .text.libgcc.div
                0x000000000000142a        0x0 /usr/lib/gcc/avr/10.2.0/avr5/libgcc.a(_prologue.o)
 .text.libgcc   0x000000000000142a        0x0 /usr/lib/gcc/avr/10.2.0/avr5/libgcc.a(_prologue.o)
 .text.libgcc.prologue
                0x000000000000142a       0x38 /usr/lib/gcc/avr/10.2.0/avr5/libgcc.a(_prologue.o)
                0x000000000000142a                __prologue_saves__
 .text.libgcc.builtins
                0x0000000000001462        0x0 /usr/lib/gcc/avr/10.2.0/avr5/libgcc.a(_prologue.o)
 .text.libgcc.fmul
                0x0000000000001462        0x0 /usr/lib/gcc/avr/10.2.0/avr5/libgcc.a(_prologue.o)
 .text.libgcc.fixed
                0x0000000000001462        0x0 /usr/lib/gcc/avr/10.2.0/avr5/libgcc.a(_prologue.o)
 .text.libgcc.mul
                0x0000000000001462        0x0 /usr/lib/gcc/avr/10.2.0/avr5/libgcc.a(_epilogue.o)
 .text.libgcc.div
                0x0000000000001462        0x0 /usr/lib/gcc/avr/10.2.0/avr5/libgcc.a(_epilogue.o)
 .text.libgcc   0x0000000000001462        0x0 /usr/lib/gcc/avr/10.2.0/avr5/libgcc.a(_epilogue.o)
 .text.libgcc.prologue
                0x0000000000001462       0x36 /usr/lib/gcc/avr/10.2.0/avr5/libgcc.a(_epilogue.o)
                0x0000000000001462                __epilogue_restores__
 .text.libgcc.builtins
                0x0000000000001498        0x0 /usr/lib/gcc/avr/10.2.0/avr5/libgcc.a(_epilogue.o)
 .text.libgcc.fmul
                0x0000000000001498        0x0 /usr/lib/gcc/avr/10.2.0/avr5/libgcc.a(_epilogue.o)
 .text.libgcc.fixed
                0x0000000000001498        0x0 /usr/lib/gcc/avr/10.2.0/avr5/libgcc.a(_epilogue.o)
 .text.avr-libc
                0x0000000000001498       0x54 /usr/lib/gcc/avr/10.2.0/../../../../avr/lib/avr5/libc.a(fputs.o)
                0x0000000000001498                fputs
                0x00000000000014ec                . = ALIGN (0x2)
 *(.fini9)
 .fini9         0x00000000000014ec        0x0 /usr/lib/gcc/avr/10.2.0/avr5/libgcc.a(_exit.o)
                0x00000000000014ec                exit
                0x00000000000014ec                _exit
 *(.fini9)
 *(.fini8)
 *(.fini8)
 *(.fini7)
 *(.fini7)
 *(.fini6)
 *(.fini6)
 *(.fini5)
 *(.fini5)
 *(.fini4)
 *(.fini4)
 *(.fini3)
 *(.fini3)
 *(.fini2)
 *(.fini2)
 *(.fini1)
 *(.fini1)
 *(.fini0)
 .fini0         0x00000000000014ec        0x4 /usr/lib/gcc/avr/10.2.0/avr5/libgcc.a(_exit.o)
 *(.fini0)
 *(.hightext)
 *(.hightext*)
 *(.progmemx.*)
                0x00000000000014f0                . = ALIGN (0x2)
 *(.jumptables)
 *(.jumptables*)
                0x00000000000014f0                _etext = .

.data           0x0000000000800100       0x5c load address 0x00000000000014f0
                0x0000000000800100                PROVIDE (__data_start = .)
 *(.data)
 .data          0x0000000000800100        0x0 /usr/lib/gcc/avr/10.2.0/../../../../avr/lib/avr5/crtatmega328p.o
 .data          0x0000000000800100        0x2 /tmp/ccxB8hOI.o
 .data          0x0000000000800102        0x0 /tmp/ccJrlNsH.o
 .data          0x0000000000800102        0xa /tmp/ccLkf27I.o
 .data          0x000000000080010c        0x0 /tmp/ccOjZQeI.o
 .data          0x000000000080010c       0x1c /tmp/cc33givH.o
 .data          0x0000000000800128        0x0 /tmp/cca2319K.o
 .data          0x0000000000800128        0x0 /usr/lib/gcc/avr/10.2.0/avr5/libgcc.a(_udivmodsi4.o)
 .data          0x0000000000800128        0x0 /usr/lib/gcc/avr/10.2.0/avr5/libgcc.a(_exit.o)
 .data          0x0000000000800128        0x0 /usr/lib/gcc/avr/10.2.0/avr5/libgcc.a(_copy_data.o)
 .data          0x0000000000800128        0x0 /usr/lib/gcc/avr/10.2.0/avr5/libgcc.a(_clear_bss.o)
 .data          0x0000000000800128        0x0 /usr/lib/gcc/avr/10.2.0/avr5/libgcc.a(_divdi3.o)
 .data          0x0000000000800128        0x0 /usr/lib/gcc/avr/10.2.0/avr5/libgcc.a(_udivdi3.o)
 .data          0x0000000000800128        0x0 /usr/lib/gcc/avr/10.2.0/avr5/libgcc.a(_udivmod64.o)
 .data          0x0000000000800128        0x0 /usr/lib/gcc/avr/10.2.0/avr5/libgcc.a(_negdi2.o)
 .data          0x0000000000800128        0x0 /usr/lib/gcc/avr/10.2.0/avr5/libgcc.a(_prologue.o)
 .data          0x0000000000800128        0x0 /usr/lib/gcc/avr/10.2.0/avr5/libgcc.a(_epilogue.o)
 .data          0x0000000000800128        0x0 /usr/lib/gcc/avr/10.2.0/../../../../avr/lib/avr5/libc.a(fputs.o)
 .data          0x0000000000800128        0x0 /usr/lib/gcc/avr/10.2.0/../../../../avr/lib/avr5/libc.a(iob.o)
 *(.data*)
 *(.gnu.linkonce.d*)
 *(.rodata)
 *(.rodata*)
 .rodata.str1.1
                0x0000000000800128       0x33 /tmp/ccLkf27I.o
 *(.gnu.linkonce.r*)
                0x000000000080015c                . = ALIGN (0x2)
 *fill*         0x000000000080015b        0x1 
                0x000000000080015c                _edata = .
                0x000000000080015c                PROVIDE (__data_end = .)

.bss            0x000000000080015c       0x6a
                0x000000000080015c                PROVIDE (__bss_start = .)
 *(.bss)
 .bss           0x000000000080015c        0x0 /usr/lib/gcc/avr/10.2.0/../../../../avr/lib/avr5/crtatmega328p.o
 .bss           0x000000000080015c       0x16 /tmp/ccxB8hOI.o
 .bss           0x0000000000800172        0x0 /tmp/ccJrlNsH.o
 .bss           0x0000000000800172       0x4e /tmp/ccLkf27I.o
 .bss           0x00000000008001c0        0x0 /tmp/ccOjZQeI.o
 .bss           0x00000000008001c0        0x0 /tmp/cc33givH.o
 .bss           0x00000000008001c0        0x0 /tmp/cca2319K.o
 .bss           0x00000000008001c0        0x0 /usr/lib/gcc/avr/10.2.0/avr5/libgcc.a(_udivmodsi4.o)
 .bss           0x00000000008001c0        0x0 /usr/lib/gcc/avr/10.2.0/avr5/libgcc.a(_exit.o)
 .bss           0x00000000008001c0        0x0 /usr/lib/gcc/avr/10.2.0/avr5/libgcc.a(_copy_data.o)
 .bss           0x00000000008001c0        0x0 /usr/lib/gcc/avr/10.2.0/avr5/libgcc.a(_clear_bss.o)
 .bss           0x00000000008001c0        0x0 /usr/lib/gcc/avr/10.2.0/avr5/libgcc.a(_divdi3.o)
 .bss           0x00000000008001c0        0x0 /usr/lib/gcc/avr/10.2.0/avr5/libgcc.a(_udivdi3.o)
 .bss           0x00000000008001c0        0x0 /usr/lib/gcc/avr/10.2.0/avr5/libgcc.a(_udivmod64.o)
 .bss           0x00000000008001c0        0x0 /usr/lib/gcc/avr/10.2.0/avr5/libgcc.a(_negdi2.o)
 .bss           0x00000000008001c0        0x0 /usr/lib/gcc/avr/10.2.0/avr5/libgcc.a(_prologue.o)
 .bss           0x00000000008001c0        0x0 /usr/lib/gcc/avr/10.2.0/avr5/libgcc.a(_epilogue.o)
 .bss           0x00000000008001c0        0x0 /usr/lib/gcc/avr/10.2.0/../../../../avr/lib/avr5/libc.a(fputs.o)
 .bss           0x00000000008001c0        0x6 /usr/lib/gcc/avr/10.2.0/../../../../avr/lib/avr5/libc.a(iob.o)
                0x00000000008001c0                __iob
 *(.bss*)
 *(COMMON)
                0x00000000008001c6                PROVIDE (__bss_end = .)
                0x00000000000014f0                __data_load_start = LOADADDR (.data)
                0x000000000000154c                __data_load_end = (__data_load_start + SIZEOF (.data))

.noinit         0x00000000008001c6        0x0
                [!provide]                        PROVIDE (__noinit_start = .)
 *(.noinit*)
                [!provide]                        PROVIDE (__noinit_end = .)
                0x00000000008001c6                _end = .
                [!provide]                        PROVIDE (__heap_start = .)

.eeprom         0x0000000000810000        0x0
 *(.eeprom*)
                0x0000000000810000                __eeprom_end = .

.fuse
 *(.fuse)
 *(.lfuse)
 *(.hfuse)
 *(.efuse)

.lock
 *(.lock*)

.signature
 *(.signature*)

.stab
 *(.stab)

.stabstr
 *(.stabstr)

.stab.excl
 *(.stab.excl)

.stab.exclstr
 *(.stab.exclstr)

.stab.index
 *(.stab.index)

.stab.indexstr
 *(.stab.indexstr)

.comment        0x0000000000000000       0x24
 *(.comment)
 .comment       0x0000000000000000       0x12 /tmp/ccxB8hOI.o
                                         0x13 (size before relaxing)
 .comment       0x0000000000000012       0x13 /tmp/ccJrlNsH.o
 .comment       0x0000000000000012       0x13 /tmp/ccLkf27I.o
 .comment       0x0000000000000012       0x13 /tmp/ccOjZQeI.o
 .comment       0x0000000000000012       0x13 /tmp/cc33givH.o
 .comment       0x0000000000000012       0x13 /tmp/cca2319K.o
 .comment       0x0000000000000012       0x12 /usr/lib/gcc/avr/10.2.0/../../../../avr/lib/avr5/libc.a(fputs.o)
                                         0x13 (size before relaxing)
 .comment       0x0000000000000024       0x13 /usr/lib/gcc/avr/10.2.0/../../../../avr/lib/avr5/libc.a(iob.o)

.note.gnu.avr.deviceinfo
                0x0000000000000000       0x40
 .note.gnu.avr.deviceinfo
                0x0000000000000000       0x40 /usr/lib/gcc/avr/10.2.0/../../../../avr/lib/avr5/crtatmega328p.o

.note.gnu.build-id
 *(.note.gnu.build-id)

.debug
 *(.debug)

.line
 *(.line)

.debug_srcinfo
 *(.debug_srcinfo)

.debug_sfnames
 *(.debug_sfnames)

.debug_aranges
 *(.debug_aranges)

.debug_pubnames
 *(.debug_pubnames)

.debug_info     0x0000000000000000      0x5f4
 *(.debug_info .gnu.linkonce.wi.*)
 .debug_info    0x0000000000000000      0x5f4 /usr/lib/gcc/avr/10.2.0/../../../../avr/lib/avr5/crtatmega328p.o

.debug_abbrev   0x0000000000000000      0x5a2
 *(.debug_abbrev)
 .debug_abbrev  0x0000000000000000      0x5a2 /usr/lib/gcc/avr/10.2.0/../../../../avr/lib/avr5/crtatmega328p.o

.debug_line     0x0000000000000000       0x1d
 *(.debug_line .debug_line.* .debug_line_end)
 .debug_line    0x0000000000000000       0x1d /usr/lib/gcc/avr/10.2.0/../../../../avr/lib/avr5/crtatmega328p.o

.debug_frame
 *(.debug_frame)

.debug_str      0x0000000000000000      0x208
 *(.debug_str)
 .debug_str     0x0000000000000000      0x208 /usr/lib/gcc/avr/10.2.0/../../../../avr/lib/avr5/crtatmega328p.o

.debug_loc
 *(.debug_loc)

.debug_macinfo
 *(.debug_macinfo)

.debug_weaknames
 *(.debug_weaknames)

.debug_funcnames
 *(.debug_funcnames)

.debug_typenames
 *(.debug_typenames)

.debug_varnames
 *(.debug_varnames)

.debug_pubtypes
 *(.debug_pubtypes)

.debug_ranges
 *(.debug_ranges)

.debug_macro
 *(.debug_macro)

.debug_addr
 *(.debug_addr)
OUTPUT(build/out.elf elf32-avr)
LOAD linker stubs
